{
  "status": 200,
  "message": "Succeed to handle request"
}